/home/ganapathirajan/miniconda3/envs/variantcalling_env/bin/picard: line 5: warning: setlocale: LC_ALL: cannot change locale (en_US.UTF-8): No such file or directory
11:42:31.190 INFO  NativeLibraryLoader - Loading libgkl_compression.so from jar:file:/home/ganapathirajan/miniconda3/envs/variantcalling_env/share/picard-3.4.0-0/picard.jar!/com/intel/gkl/native/libgkl_compression.so
WARNING: A restricted method in java.lang.System has been called
WARNING: java.lang.System::load has been called by com.intel.gkl.NativeLibraryLoader in an unnamed module (file:/home/ganapathirajan/miniconda3/envs/variantcalling_env/share/picard-3.4.0-0/picard.jar)
WARNING: Use --enable-native-access=ALL-UNNAMED to avoid a warning for callers in this module
WARNING: Restricted methods will be blocked in a future release unless native access is enabled

[Thu May 21 11:42:31 UTC 2026] MarkDuplicates --INPUT results/variants/aligned_sorted.bam --OUTPUT results/variants/dedup.bam --METRICS_FILE results/variants/dedup_metrics.txt --VALIDATION_STRINGENCY SILENT --MAX_SEQUENCES_FOR_DISK_READ_ENDS_MAP 50000 --MAX_FILE_HANDLES_FOR_READ_ENDS_MAP 8000 --SORTING_COLLECTION_SIZE_RATIO 0.25 --TAG_DUPLICATE_SET_MEMBERS false --REMOVE_SEQUENCING_DUPLICATES false --TAGGING_POLICY DontTag --CLEAR_DT true --DUPLEX_UMI false --FLOW_MODE false --FLOW_DUP_STRATEGY FLOW_QUALITY_SUM_STRATEGY --FLOW_USE_END_IN_UNPAIRED_READS false --FLOW_USE_UNPAIRED_CLIPPED_END false --FLOW_UNPAIRED_END_UNCERTAINTY 0 --FLOW_UNPAIRED_START_UNCERTAINTY 0 --FLOW_SKIP_FIRST_N_FLOWS 0 --FLOW_Q_IS_KNOWN_END false --FLOW_EFFECTIVE_QUALITY_THRESHOLD 15 --ADD_PG_TAG_TO_READS true --REMOVE_DUPLICATES false --ASSUME_SORTED false --DUPLICATE_SCORING_STRATEGY SUM_OF_BASE_QUALITIES --PROGRAM_RECORD_ID MarkDuplicates --PROGRAM_GROUP_NAME MarkDuplicates --READ_NAME_REGEX <optimized capture of last three ':' separated fields as numeric values> --OPTICAL_DUPLICATE_PIXEL_DISTANCE 100 --MAX_OPTICAL_DUPLICATE_SET_SIZE 300000 --VERBOSITY INFO --QUIET false --COMPRESSION_LEVEL 5 --MAX_RECORDS_IN_RAM 500000 --CREATE_INDEX false --CREATE_MD5_FILE false --help false --version false --showHidden false --USE_JDK_DEFLATER false --USE_JDK_INFLATER false
[Thu May 21 11:42:31 UTC 2026] Executing as ganapathirajan@GR on Linux 6.6.87.2-microsoft-standard-WSL2 amd64; OpenJDK 64-Bit Server VM 25.0.2-internal-adhoc.conda.src; Deflater: Intel; Inflater: Intel; Provider GCS is available; Picard version: Version:3.4.0
INFO	2026-05-21 11:42:31	MarkDuplicates	Start of doWork freeMemory: 526726584; totalMemory: 536870912; maxMemory: 2147483648
INFO	2026-05-21 11:42:31	MarkDuplicates	Reading input file and constructing read end information.
INFO	2026-05-21 11:42:31	MarkDuplicates	Will retain up to 7780737 data points before spilling to disk.
WARNING	2026-05-21 11:42:31	AbstractOpticalDuplicateFinderCommandLineProgram	A field field parsed out of a read name was expected to contain an integer and did not. Read name: SRR098401.224188. Cause: String 'SRR098401.224188' did not start with a parsable number.
INFO	2026-05-21 11:42:36	MarkDuplicates	Read     1,000,000 records.  Elapsed time: 00:00:04s.  Time for last 1,000,000:    4s.  Last read position: chr1:6,410,016
INFO	2026-05-21 11:42:36	MarkDuplicates	Tracking 45577 as yet unmatched pairs. 45577 records in RAM.
INFO	2026-05-21 11:42:40	MarkDuplicates	Read     2,000,000 records.  Elapsed time: 00:00:08s.  Time for last 1,000,000:    3s.  Last read position: chr1:13,052,437
INFO	2026-05-21 11:42:40	MarkDuplicates	Tracking 138317 as yet unmatched pairs. 138317 records in RAM.
INFO	2026-05-21 11:42:44	MarkDuplicates	Read     3,000,000 records.  Elapsed time: 00:00:12s.  Time for last 1,000,000:    3s.  Last read position: chr1:19,576,791
INFO	2026-05-21 11:42:44	MarkDuplicates	Tracking 200335 as yet unmatched pairs. 200335 records in RAM.
INFO	2026-05-21 11:42:47	MarkDuplicates	Read     4,000,000 records.  Elapsed time: 00:00:15s.  Time for last 1,000,000:    3s.  Last read position: chr1:26,239,728
INFO	2026-05-21 11:42:47	MarkDuplicates	Tracking 272694 as yet unmatched pairs. 272694 records in RAM.
INFO	2026-05-21 11:42:51	MarkDuplicates	Read     5,000,000 records.  Elapsed time: 00:00:19s.  Time for last 1,000,000:    4s.  Last read position: chr1:32,488,695
INFO	2026-05-21 11:42:51	MarkDuplicates	Tracking 338367 as yet unmatched pairs. 338367 records in RAM.
INFO	2026-05-21 11:42:55	MarkDuplicates	Read     6,000,000 records.  Elapsed time: 00:00:23s.  Time for last 1,000,000:    3s.  Last read position: chr1:39,523,862
INFO	2026-05-21 11:42:55	MarkDuplicates	Tracking 386974 as yet unmatched pairs. 386974 records in RAM.
INFO	2026-05-21 11:42:58	MarkDuplicates	Read     7,000,000 records.  Elapsed time: 00:00:26s.  Time for last 1,000,000:    3s.  Last read position: chr1:45,511,423
INFO	2026-05-21 11:42:58	MarkDuplicates	Tracking 426879 as yet unmatched pairs. 426879 records in RAM.
INFO	2026-05-21 11:43:02	MarkDuplicates	Read     8,000,000 records.  Elapsed time: 00:00:30s.  Time for last 1,000,000:    3s.  Last read position: chr1:52,562,265
INFO	2026-05-21 11:43:02	MarkDuplicates	Tracking 464694 as yet unmatched pairs. 464694 records in RAM.
INFO	2026-05-21 11:43:10	MarkDuplicates	Read     9,000,000 records.  Elapsed time: 00:00:38s.  Time for last 1,000,000:    8s.  Last read position: chr1:61,630,062
INFO	2026-05-21 11:43:10	MarkDuplicates	Tracking 493549 as yet unmatched pairs. 493549 records in RAM.
INFO	2026-05-21 11:43:13	MarkDuplicates	Read    10,000,000 records.  Elapsed time: 00:00:41s.  Time for last 1,000,000:    3s.  Last read position: chr1:69,633,483
INFO	2026-05-21 11:43:13	MarkDuplicates	Tracking 519537 as yet unmatched pairs. 519537 records in RAM.
INFO	2026-05-21 11:43:16	MarkDuplicates	Read    11,000,000 records.  Elapsed time: 00:00:44s.  Time for last 1,000,000:    3s.  Last read position: chr1:78,753,781
INFO	2026-05-21 11:43:16	MarkDuplicates	Tracking 541225 as yet unmatched pairs. 541225 records in RAM.
INFO	2026-05-21 11:43:20	MarkDuplicates	Read    12,000,000 records.  Elapsed time: 00:00:48s.  Time for last 1,000,000:    3s.  Last read position: chr1:88,578,121
INFO	2026-05-21 11:43:20	MarkDuplicates	Tracking 556394 as yet unmatched pairs. 556394 records in RAM.
INFO	2026-05-21 11:43:23	MarkDuplicates	Read    13,000,000 records.  Elapsed time: 00:00:51s.  Time for last 1,000,000:    3s.  Last read position: chr1:95,465,616
INFO	2026-05-21 11:43:23	MarkDuplicates	Tracking 565445 as yet unmatched pairs. 565445 records in RAM.
INFO	2026-05-21 11:43:26	MarkDuplicates	Read    14,000,000 records.  Elapsed time: 00:00:54s.  Time for last 1,000,000:    3s.  Last read position: chr1:104,495,294
INFO	2026-05-21 11:43:26	MarkDuplicates	Tracking 571429 as yet unmatched pairs. 571429 records in RAM.
INFO	2026-05-21 11:43:29	MarkDuplicates	Read    15,000,000 records.  Elapsed time: 00:00:57s.  Time for last 1,000,000:    3s.  Last read position: chr1:112,775,009
INFO	2026-05-21 11:43:29	MarkDuplicates	Tracking 571654 as yet unmatched pairs. 571654 records in RAM.
INFO	2026-05-21 11:43:32	MarkDuplicates	Read    16,000,000 records.  Elapsed time: 00:01:00s.  Time for last 1,000,000:    3s.  Last read position: chr1:120,030,391
INFO	2026-05-21 11:43:32	MarkDuplicates	Tracking 567052 as yet unmatched pairs. 567052 records in RAM.
INFO	2026-05-21 11:43:38	MarkDuplicates	Read    17,000,000 records.  Elapsed time: 00:01:06s.  Time for last 1,000,000:    5s.  Last read position: chr1:125,013,599
INFO	2026-05-21 11:43:38	MarkDuplicates	Tracking 582120 as yet unmatched pairs. 582120 records in RAM.
INFO	2026-05-21 11:43:41	MarkDuplicates	Read    18,000,000 records.  Elapsed time: 00:01:09s.  Time for last 1,000,000:    3s.  Last read position: chr1:144,086,059
INFO	2026-05-21 11:43:41	MarkDuplicates	Tracking 567279 as yet unmatched pairs. 567279 records in RAM.
INFO	2026-05-21 11:43:46	MarkDuplicates	Read    19,000,000 records.  Elapsed time: 00:01:14s.  Time for last 1,000,000:    5s.  Last read position: chr1:149,895,868
INFO	2026-05-21 11:43:46	MarkDuplicates	Tracking 561089 as yet unmatched pairs. 561089 records in RAM.
INFO	2026-05-21 11:43:49	MarkDuplicates	Read    20,000,000 records.  Elapsed time: 00:01:17s.  Time for last 1,000,000:    2s.  Last read position: chr1:154,485,913
INFO	2026-05-21 11:43:49	MarkDuplicates	Tracking 546932 as yet unmatched pairs. 546932 records in RAM.
INFO	2026-05-21 11:43:52	MarkDuplicates	Read    21,000,000 records.  Elapsed time: 00:01:20s.  Time for last 1,000,000:    2s.  Last read position: chr1:160,303,195
INFO	2026-05-21 11:43:52	MarkDuplicates	Tracking 531272 as yet unmatched pairs. 531272 records in RAM.
INFO	2026-05-21 11:43:56	MarkDuplicates	Read    22,000,000 records.  Elapsed time: 00:01:24s.  Time for last 1,000,000:    4s.  Last read position: chr1:168,035,447
INFO	2026-05-21 11:43:56	MarkDuplicates	Tracking 510356 as yet unmatched pairs. 510356 records in RAM.
INFO	2026-05-21 11:44:00	MarkDuplicates	Read    23,000,000 records.  Elapsed time: 00:01:28s.  Time for last 1,000,000:    3s.  Last read position: chr1:175,098,468
INFO	2026-05-21 11:44:00	MarkDuplicates	Tracking 485494 as yet unmatched pairs. 485494 records in RAM.
INFO	2026-05-21 11:44:03	MarkDuplicates	Read    24,000,000 records.  Elapsed time: 00:01:31s.  Time for last 1,000,000:    3s.  Last read position: chr1:182,959,838
INFO	2026-05-21 11:44:03	MarkDuplicates	Tracking 455152 as yet unmatched pairs. 455152 records in RAM.
INFO	2026-05-21 11:44:09	MarkDuplicates	Read    25,000,000 records.  Elapsed time: 00:01:37s.  Time for last 1,000,000:    5s.  Last read position: chr1:192,661,461
INFO	2026-05-21 11:44:09	MarkDuplicates	Tracking 421940 as yet unmatched pairs. 421940 records in RAM.
INFO	2026-05-21 11:44:12	MarkDuplicates	Read    26,000,000 records.  Elapsed time: 00:01:40s.  Time for last 1,000,000:    3s.  Last read position: chr1:201,997,415
INFO	2026-05-21 11:44:12	MarkDuplicates	Tracking 381651 as yet unmatched pairs. 381651 records in RAM.
INFO	2026-05-21 11:44:16	MarkDuplicates	Read    27,000,000 records.  Elapsed time: 00:01:44s.  Time for last 1,000,000:    3s.  Last read position: chr1:209,511,510
INFO	2026-05-21 11:44:16	MarkDuplicates	Tracking 335192 as yet unmatched pairs. 335192 records in RAM.
INFO	2026-05-21 11:44:19	MarkDuplicates	Read    28,000,000 records.  Elapsed time: 00:01:47s.  Time for last 1,000,000:    3s.  Last read position: chr1:217,702,659
INFO	2026-05-21 11:44:19	MarkDuplicates	Tracking 283070 as yet unmatched pairs. 283070 records in RAM.
INFO	2026-05-21 11:44:22	MarkDuplicates	Read    29,000,000 records.  Elapsed time: 00:01:50s.  Time for last 1,000,000:    3s.  Last read position: chr1:224,016,449
INFO	2026-05-21 11:44:22	MarkDuplicates	Tracking 243846 as yet unmatched pairs. 243846 records in RAM.
INFO	2026-05-21 11:44:25	MarkDuplicates	Read    30,000,000 records.  Elapsed time: 00:01:53s.  Time for last 1,000,000:    3s.  Last read position: chr1:230,878,326
INFO	2026-05-21 11:44:25	MarkDuplicates	Tracking 174980 as yet unmatched pairs. 174980 records in RAM.
INFO	2026-05-21 11:44:29	MarkDuplicates	Read    31,000,000 records.  Elapsed time: 00:01:57s.  Time for last 1,000,000:    3s.  Last read position: chr1:238,982,180
INFO	2026-05-21 11:44:29	MarkDuplicates	Tracking 99506 as yet unmatched pairs. 99506 records in RAM.
INFO	2026-05-21 11:44:33	MarkDuplicates	Read    32,000,000 records.  Elapsed time: 00:02:01s.  Time for last 1,000,000:    3s.  Last read position: chr1:247,037,843
INFO	2026-05-21 11:44:33	MarkDuplicates	Tracking 18329 as yet unmatched pairs. 18329 records in RAM.
INFO	2026-05-21 11:44:34	MarkDuplicates	Read 32397490 records. 0 pairs never matched.
INFO	2026-05-21 11:44:40	MarkDuplicates	After buildSortedReadEndLists freeMemory: 526285600; totalMemory: 536870912; maxMemory: 2147483648
INFO	2026-05-21 11:44:40	MarkDuplicates	Will retain up to 67108864 duplicate indices before spilling to disk.
INFO	2026-05-21 11:44:40	MarkDuplicates	Traversing read pair information and detecting duplicates.
INFO	2026-05-21 11:44:45	MarkDuplicates	Traversing fragment information and detecting duplicates.
INFO	2026-05-21 11:44:51	MarkDuplicates	Sorting list of duplicate records.
INFO	2026-05-21 11:44:51	MarkDuplicates	After generateDuplicateIndexes freeMemory: 525464304; totalMemory: 1073741824; maxMemory: 2147483648
INFO	2026-05-21 11:44:51	MarkDuplicates	Marking 1832821 records as duplicates.
INFO	2026-05-21 11:44:51	MarkDuplicates	Found 0 optical duplicate clusters.
INFO	2026-05-21 11:44:51	MarkDuplicates	Reads are assumed to be ordered by: coordinate
INFO	2026-05-21 11:52:41	MarkDuplicates	Written    10,000,000 records.  Elapsed time: 00:07:49s.  Time for last 10,000,000:  469s.  Last read position: chr1:69,633,483
INFO	2026-05-21 11:54:28	MarkDuplicates	Written    20,000,000 records.  Elapsed time: 00:09:36s.  Time for last 10,000,000:  107s.  Last read position: chr1:154,485,913
INFO	2026-05-21 11:56:41	MarkDuplicates	Written    30,000,000 records.  Elapsed time: 00:11:50s.  Time for last 10,000,000:  133s.  Last read position: chr1:230,878,326
INFO	2026-05-21 11:58:15	MarkDuplicates	Written    40,000,000 records.  Elapsed time: 00:13:23s.  Time for last 10,000,000:   93s.  Last read position: */*
INFO	2026-05-21 12:00:11	MarkDuplicates	Written    50,000,000 records.  Elapsed time: 00:15:19s.  Time for last 10,000,000:  115s.  Last read position: */*
INFO	2026-05-21 12:01:46	MarkDuplicates	Written    60,000,000 records.  Elapsed time: 00:16:54s.  Time for last 10,000,000:   94s.  Last read position: */*
INFO	2026-05-21 12:03:17	MarkDuplicates	Written    70,000,000 records.  Elapsed time: 00:18:25s.  Time for last 10,000,000:   91s.  Last read position: */*
INFO	2026-05-21 12:04:47	MarkDuplicates	Written    80,000,000 records.  Elapsed time: 00:19:56s.  Time for last 10,000,000:   90s.  Last read position: */*
INFO	2026-05-21 12:06:23	MarkDuplicates	Written    90,000,000 records.  Elapsed time: 00:21:31s.  Time for last 10,000,000:   95s.  Last read position: */*
INFO	2026-05-21 12:08:01	MarkDuplicates	Written   100,000,000 records.  Elapsed time: 00:23:09s.  Time for last 10,000,000:   98s.  Last read position: */*
INFO	2026-05-21 12:09:09	MarkDuplicates	Writing complete. Closing input iterator.
INFO	2026-05-21 12:09:09	MarkDuplicates	Duplicate Index cleanup.
INFO	2026-05-21 12:09:09	MarkDuplicates	Getting Memory Stats.
INFO	2026-05-21 12:09:09	MarkDuplicates	Before output close freeMemory: 526124672; totalMemory: 536870912; maxMemory: 2147483648
INFO	2026-05-21 12:09:09	MarkDuplicates	Closed outputs. Getting more Memory Stats.
INFO	2026-05-21 12:09:09	MarkDuplicates	After output close freeMemory: 526124672; totalMemory: 536870912; maxMemory: 2147483648
[Thu May 21 12:09:09 UTC 2026] picard.sam.markduplicates.MarkDuplicates done. Elapsed time: 26.64 minutes.
Runtime.totalMemory()=536870912
